// Jest Snapshot v1, https://goo.gl/fbAQLP

exports[`<App /> shallow rendering matches the snapshot 1`] = `
<div
  className="App"
>
  <header
    className="App-header"
  >
    <img
      alt="logo"
      className="App-logo"
      src="logo.svg"
    />
    <h1
      className="App-title"
    >
      Welcome to React
    </h1>
    <h3
      className="blue"
    >
      Everyone is welcome
    </h3>
  </header>
  <Connect(TodoList) />
  <Form />
  <p
    className="App-intro"
  >
    To get started, edit 
    <code>
      src/App.js
    </code>
     and save to reload.
  </p>
  <p
    className="button-state"
  >
    No!
  </p>
  <button
    onClick={[Function]}
  >
    Click
  </button>
  <h2 />
  <input
    onChange={[Function]}
  />
  <p
    className="lifeCycle"
  >
    componentDidMount
  </p>
</div>
`;
